// Jest Snapshot v1, https://goo.gl/fbAQLP

exports[`Renders correctly 1`] = `
<div
  className="sc-bdVaJa eypWwp"
>
  <h1>
    Hello, world!
  </h1>
  <button
    onClick={[Function]}
  >
    Count: 
    0
  </button>
</div>
`;
